// Vitest Snapshot v1, https://vitest.dev/guide/snapshot.html

exports[`HeaderCom > should render correctly 1`] = `[Function]`;

exports[`PilotsList > should render correctly 1`] = `[Function]`;
